+---------------------------------+------+-----------------+----------+
| Type                            | Mask | Target          | Defaults |
+---------------------------------+------+-----------------+----------+
| Nette\Application\Routers\Route | /    | Default:default | foo: bar |
+---------------------------------+------+-----------------+----------+
