+----------------------------------------+------+-----------------+----------+
| Type                                   | Mask | Target          | Defaults |
+----------------------------------------+------+-----------------+----------+
| Nette\Application\Routers\SimpleRouter |      | Default:default |          |
+----------------------------------------+------+-----------------+----------+
